// Jest Snapshot v1, https://goo.gl/fbAQLP

exports[`address service addAddress should give back correct response 1`] = `
Object {
  "active": 1,
  "addedDate": 2020-01-04T06:24:00.000Z,
  "address": "Navi Mumbai, 400710",
  "addressLine1": "Ramada",
  "addressLine2": "Mahape Road",
  "addressLine3": "Kopar Khairane",
  "addressTag": "Home",
  "cityName": "Navi Mumbai",
  "customerMobileNumber": 9100100100,
  "defaultStore": 4055192,
  "defaultStoreName": "Mamata Kirana And General Stores",
  "firstName": "Firstname",
  "id": 10001886,
  "isAutoSelected": true,
  "isDefault": true,
  "isServiceable": true,
  "landmark": "",
  "lastName": "Lastname",
  "lastUpdatedDate": "2020-01-06 13:56 PM IST",
  "latitude": 19.11224091559444,
  "longitude": 19.11224091559444,
  "phoneNumber": 9100100100,
  "pincode": 400710,
  "storeId": 1040356,
  "storeName": "Prime Medico",
  "userId": 10005564,
}
`;

exports[`address service getAddresses should give back correct response 1`] = `
Array [
  Object {
    "active": 1,
    "addedDate": 2020-02-20T07:56:00.000Z,
    "address": "123 ered",
    "addressLine1": "123",
    "addressLine2": "ered",
    "addressLine3": "Kharghar, Sector 29",
    "addressTag": "Home",
    "addressType": 1,
    "cityName": "Navi Mumbai",
    "customerMobileNumber": 9999999999,
    "defaultStore": 4001313,
    "defaultStoreName": "Bulbasuar Stores",
    "firstName": "Firstname",
    "id": 10160497,
    "isDefault": true,
    "isServiceable": true,
    "lastName": "lastname",
    "lastUpdatedDate": "2020-02-26 15:02 PM IST",
    "latitude": 19.0630231,
    "longitude": 73.0700421,
    "phoneNumber": 9999999999,
    "pincode": 410210,
    "storeId": 7001290,
    "storeName": "Vedavati Stores",
    "userId": 10041541,
  },
  Object {
    "active": 1,
    "addedDate": 2020-02-26T10:37:00.000Z,
    "address": "s s",
    "addressLine1": "sStry a long long name for address",
    "addressLine2": "s",
    "addressLine3": "Kharghar, Sector 29",
    "addressTag": "home",
    "cityName": "Navi Mumbai",
    "customerMobileNumber": 9999999999,
    "defaultStore": 4001313,
    "defaultStoreName": "Bulbasuar Stores",
    "firstName": "Firstname",
    "id": 10160580,
    "isDefault": false,
    "isServiceable": true,
    "landmark": "s",
    "lastName": "lastname",
    "lastUpdatedDate": "2020-02-26 17:48 PM IST",
    "latitude": 19.0630231,
    "longitude": 73.0700421,
    "phoneNumber": 9999999999,
    "pincode": 410210,
    "storeId": 0,
    "userId": 10041541,
  },
]
`;

exports[`address service updateAddress should give back the correct response 1`] = `
Object {
  "active": 1,
  "addedDate": 2020-01-04T06:24:00.000Z,
  "address": "Navi Mumbai, 400710",
  "addressLine1": "Ramada",
  "addressLine2": "Mahape Road",
  "addressLine3": "Kopar Khairane",
  "addressTag": "Home",
  "cityName": "Navi Mumbai",
  "customerMobileNumber": 9100100100,
  "defaultStore": 4055192,
  "defaultStoreName": "Mamata Kirana And General Stores",
  "firstName": "Firstname",
  "id": 10001886,
  "isAutoSelected": true,
  "isDefault": true,
  "isServiceable": true,
  "landmark": "",
  "lastName": "Lastname",
  "lastUpdatedDate": "2020-01-06 13:56 PM IST",
  "latitude": 19.11224091559444,
  "longitude": 19.11224091559444,
  "phoneNumber": 9100100100,
  "pincode": 400710,
  "storeId": 1040356,
  "storeName": "Prime Medico",
  "userId": 10005564,
}
`;
