// Jest Snapshot v1, https://goo.gl/fbAQLP

exports[`cart service tests for user with no selected store in preferences getCart for user with no default store 1`] = `
Object {
  "cartId": 2764873131,
  "couponDiscountAmount": 20,
  "deliveryCharge": 0,
  "discountAmount": 1.8999999999999986,
  "itemCount": 3,
  "savedForLater": null,
  "shipments": Array [
    Object {
      "couponDiscountAmount": 20,
      "creationDate": "17-Apr-2020",
      "deliveryCharge": 0,
      "deliveryDate": "",
      "deliveryDay": "Tomorrow",
      "discountAmount": 1.8999999999999986,
      "itemCount": 3,
      "products": Array [
        Object {
          "categoryId": 10002340,
          "coupon": null,
          "id": 100024066,
          "image": "https://uat-grocery.ril.com:443//images/?name=images/hc1/hcb/8916991115294.jpg",
          "isFc": 1,
          "mrp": 240,
          "name": "Nivea Smooth Body Milk",
          "otherImages": Array [
            "https://uat-grocery.ril.com:443//images/?name=images/hc1/hcb/8916991115294.jpg",
            "https://uat-grocery.ril.com:443//images/?name=images/h16/h3a/8916957954078.jpg",
            "https://uat-grocery.ril.com:443//images/?name=images/hc8/h0a/8916962082846.jpg",
            "https://uat-grocery.ril.com:443//images/?name=images/hf9/h66/8916966604830.jpg",
            "https://uat-grocery.ril.com:443//images/?name=images/hcf/hfa/8916976173086.jpg",
            "https://uat-grocery.ril.com:443//images/?name=images/h74/he3/8916983447582.jpg",
            "https://uat-grocery.ril.com:443//images/?name=images/hf6/h4a/8916987183134.jpg",
            "https://uat-grocery.ril.com:443//images/?name=images/h56/hce/8917003763742.jpg",
          ],
          "savingsPercent": 0,
          "selectedQuantity": 1,
          "skuId": 10028095,
          "sp": 240,
        },
        Object {
          "categoryId": 10004128,
          "coupon": Object {
            "code": "",
            "description": "http://www.google.com",
            "discountAmount": 10,
            "id": 4170,
            "title": "10 rs off on Catch Whole Jeera 100 g",
          },
          "id": 100008042,
          "image": "https://uat-grocery.ril.com:443//images/?name=images/h1c/h24/8917070282782.jpg",
          "isFc": 1,
          "mrp": 38,
          "name": "Catch Whole Jeera 100 g",
          "otherImages": Array [
            "https://uat-grocery.ril.com:443//images/?name=images/h1c/h24/8917070282782.jpg",
            "https://uat-grocery.ril.com:443//images/?name=images/hc2/h06/8917068120094.jpg",
            "https://uat-grocery.ril.com:443//images/?name=images/hef/h25/8917070151710.jpg",
            "https://uat-grocery.ril.com:443//images/?name=images/h14/hee/8917072052254.jpg",
          ],
          "savingsPercent": 5,
          "selectedQuantity": 1,
          "skuId": 10009279,
          "sp": 36.1,
        },
        Object {
          "categoryId": 10003881,
          "coupon": Object {
            "code": "",
            "description": "Rs 10 off on Whiskas Ocean Fish Adult Cat Food 3kg",
            "discountAmount": 10,
            "id": 4009,
            "title": "Rs 10 off on Whiskas Ocean Fish Adult Cat Food 3kg",
          },
          "id": 100038166,
          "image": "https://uat-grocery.ril.com:443//images/?name=images/h64/he4/8916990001182.jpg",
          "isFc": 1,
          "mrp": 840,
          "name": "Whiskas Ocean Fish Adult Cat Food 3 kg",
          "otherImages": Array [
            "https://uat-grocery.ril.com:443//images/?name=images/h64/he4/8916990001182.jpg",
            "https://uat-grocery.ril.com:443//images/?name=images/h37/hba/8917010710558.jpg",
          ],
          "savingsPercent": 0,
          "selectedQuantity": 1,
          "skuId": 10043518,
          "sp": 840,
        },
      ],
      "totalAmount": 1116.1,
      "totalPayable": 1096.1,
      "type": 1,
    },
  ],
  "totalAmount": 1116.1,
  "totalPayableAmount": 1096.1,
}
`;
