// Jest Snapshot v1, https://goo.gl/fbAQLP

exports[`kiranas getPaginatedKiranas should give a paginated response 1`] = `
Object {
  "invites": Array [
    Object {
      "categoryName": "Kirana / Provision store / Supermarket",
      "deliveryTime": Object {
        "from": "07:00 AM",
        "to": "11:00 PM",
      },
      "distance": Object {
        "amount": 1017.8037777577053,
        "unit": "km",
      },
      "id": 1065280,
      "image": "https://jiomerchant.akamaized.net/static/category/defaultIcons/T.png",
      "isClosed": false,
      "location": Object {
        "address": "F 41, Glomax Mall Plt 17, 18 and 19, Kha Kharghar,India Navi Mumbai",
        "lat": 28.2166,
        "lng": 73.135,
        "pincode": 334001,
      },
      "mId": 100001001898176,
      "minOrder": 0,
      "name": "Test PIYUSH STORES",
      "nextDelivery": "07:00 AM-11:00 PM",
      "phoneNumber": "7021410233",
      "rating": Object {
        "amount": 0,
        "outOf": 5,
      },
    },
    Object {
      "categoryName": "Pharmacy / Chemist",
      "deliveryTime": Object {
        "from": "",
        "to": undefined,
      },
      "distance": Object {
        "amount": 9.168234926724237,
        "unit": "km",
      },
      "id": 4072563,
      "image": "https://jiomerchant.akamaized.net/static/category/defaultIcons/R.png",
      "isClosed": true,
      "location": Object {
        "address": "Shop No 6 Ground Floor Gurukrupa Co Op Housing Soc Plot No 22 Sector 3 Ghansoli Rabale Navi Mumbai",
        "lat": 19.115988,
        "lng": 73.003169,
        "pincode": 400701,
      },
      "mId": 100001001928056,
      "minOrder": 0,
      "name": "Real Medical",
      "nextDelivery": "",
      "phoneNumber": "9987254233",
      "rating": Object {
        "amount": 0,
        "outOf": 5,
      },
    },
  ],
  "kiranas": Array [
    Object {
      "categoryName": "Kirana / Provision store / Supermarket",
      "deliveryTime": Object {
        "from": "",
        "to": undefined,
      },
      "distance": Object {
        "amount": 7.555213981176221,
        "unit": "km",
      },
      "id": 1043040,
      "image": "https://jiomerchant.akamaized.net/static/category/defaultIcons/S.png",
      "isClosed": true,
      "location": Object {
        "address": "Shop No 03 Plot No 34 Shriji Dham Sector 15 Ghanso Li  Ghasoli Zone  Municipal Rabale Navi Mumbai",
        "lat": 19.096218,
        "lng": 73.007307,
        "pincode": 400701,
      },
      "mId": 100001001778587,
      "minOrder": 0,
      "name": "Shri Mauli Enterprises",
      "nextDelivery": "",
      "phoneNumber": "9324029745",
      "rating": Object {
        "amount": 0,
        "outOf": 5,
      },
    },
    Object {
      "categoryName": "Kirana / Provision store / Supermarket",
      "deliveryTime": Object {
        "from": "07:00 AM",
        "to": "10:00 PM",
      },
      "distance": Object {
        "amount": 7.562458471083388,
        "unit": "km",
      },
      "id": 1043237,
      "image": "https://jiomerchant.akamaized.net/static/category/defaultIcons/S.png",
      "isClosed": false,
      "location": Object {
        "address": "253   Sector 1   Savoli   Sector 2   Ghansol Ghansoli Rabale Navi Mumbai",
        "lat": 19.096218,
        "lng": 73.007228,
        "pincode": 400701,
      },
      "mId": 100001001779351,
      "minOrder": 0,
      "name": "Sadguru Kirana And General Stores",
      "nextDelivery": "07:00 AM-10:00 PM",
      "phoneNumber": "9322035279",
      "rating": Object {
        "amount": 0,
        "outOf": 5,
      },
    },
    Object {
      "categoryName": "Kirana / Provision store / Supermarket",
      "deliveryTime": Object {
        "from": "",
        "to": undefined,
      },
      "distance": Object {
        "amount": 7.742178092898876,
        "unit": "km",
      },
      "id": 7072559,
      "image": "https://jiomerchant.akamaized.net/static/category/defaultIcons/S.png",
      "isClosed": true,
      "location": Object {
        "address": "Suresh Seth Apt Shop No 06 Kalyan Phata Mahape,India Navi Mumbai",
        "lat": 19.115369,
        "lng": 73.021454,
        "pincode": 400701,
      },
      "mId": 100001001927578,
      "minOrder": 0,
      "name": "Shubh Laxmi Super Market",
      "nextDelivery": "",
      "phoneNumber": "9768979767",
      "rating": Object {
        "amount": 0,
        "outOf": 5,
      },
    },
    Object {
      "categoryName": "Kirana / Provision store / Supermarket",
      "deliveryTime": Object {
        "from": "06:30 AM",
        "to": "11:30 PM",
      },
      "distance": Object {
        "amount": 7.933538042532049,
        "unit": "km",
      },
      "id": 7046477,
      "image": "https://jiomerchant.akamaized.net/static/category/defaultIcons/S.png",
      "isClosed": false,
      "location": Object {
        "address": "Opposite Sai Baba Mandir Sector 11 Juhu Gaon Rabale Navi Mumbai",
        "lat": 19.084085,
        "lng": 72.99791,
        "pincode": 400701,
      },
      "mId": 100001001789979,
      "minOrder": 0,
      "name": "Shree Ganesh Stores",
      "nextDelivery": "06:30 AM-11:30 PM",
      "phoneNumber": "7715081904",
      "rating": Object {
        "amount": 0,
        "outOf": 5,
      },
    },
    Object {
      "categoryName": "Pharmacy / Chemist",
      "deliveryTime": Object {
        "from": "",
        "to": undefined,
      },
      "distance": Object {
        "amount": 8.6661870741681,
        "unit": "km",
      },
      "id": 1073839,
      "image": "https://jiomerchant.akamaized.net/static/category/defaultIcons/P.png",
      "isClosed": true,
      "location": Object {
        "address": "Shop No 1 Plot No 94 Sec 21 Gaondevi Apt Ghansoli Navi Mumbai Thane Ghansoli Zone Rabale Navi Mumbai",
        "lat": 19.10693,
        "lng": 73.0019,
        "pincode": 400701,
      },
      "mId": 100001001932064,
      "minOrder": 0,
      "name": "Purab Chemist",
      "nextDelivery": "",
      "phoneNumber": "8369058080",
      "rating": Object {
        "amount": 0,
        "outOf": 5,
      },
    },
    Object {
      "categoryName": "Kirana / Provision store / Supermarket",
      "deliveryTime": Object {
        "from": "",
        "to": undefined,
      },
      "distance": Object {
        "amount": 8.952651451073477,
        "unit": "km",
      },
      "id": 4059990,
      "image": "https://jiomerchant.akamaized.net/static/category/defaultIcons/U.png",
      "isClosed": true,
      "location": Object {
        "address": "Plot No 106 Shop No 01 Shansoli Zone  Zone 2 Opp Rajendra Ashram Rabale Navi Mumbai",
        "lat": 19.113521,
        "lng": 73.00368,
        "pincode": 400701,
      },
      "mId": 100001001877826,
      "minOrder": 0,
      "name": "U Mart",
      "nextDelivery": "",
      "phoneNumber": "8767277877",
      "rating": Object {
        "amount": 0,
        "outOf": 5,
      },
    },
    Object {
      "categoryName": "Kirana / Provision store / Supermarket",
      "deliveryTime": Object {
        "from": "06:00 AM",
        "to": "11:30 PM",
      },
      "distance": Object {
        "amount": 8.963321342715451,
        "unit": "km",
      },
      "id": 7037496,
      "image": "https://jiomerchant.akamaized.net/static/category/defaultIcons/S.png",
      "isClosed": false,
      "location": Object {
        "address": "Shiv Complex Shop No 4 Plot No 14 15 Sector 3 Ghansoli  Rabale Navi Mumbai",
        "lat": 19.113654,
        "lng": 73.003663,
        "pincode": 400701,
      },
      "mId": 100001001756691,
      "minOrder": 0,
      "name": "Shree Bhagyalaxmi General Stores",
      "nextDelivery": "06:00 AM-11:30 PM",
      "phoneNumber": "8828004747",
      "rating": Object {
        "amount": 0,
        "outOf": 5,
      },
    },
    Object {
      "categoryName": "Kirana / Provision store / Supermarket",
      "deliveryTime": Object {
        "from": "",
        "to": undefined,
      },
      "distance": Object {
        "amount": 8.96907675901056,
        "unit": "km",
      },
      "id": 7044396,
      "image": "https://jiomerchant.akamaized.net/static/category/defaultIcons/S.png",
      "isClosed": true,
      "location": Object {
        "address": "Shop No 05 Plot No 528 Sec 4 Balaji Krupa Bldg Ghansoli Ghansoli West Ghansoli Station Road Rabale",
        "lat": 19.113713,
        "lng": 73.003643,
        "pincode": 400701,
      },
      "mId": 100001001782230,
      "minOrder": 0,
      "name": "Shah Super Mart",
      "nextDelivery": "",
      "phoneNumber": "9172721641",
      "rating": Object {
        "amount": 0,
        "outOf": 5,
      },
    },
    Object {
      "categoryName": "Pharmacy / Chemist",
      "deliveryTime": Object {
        "from": "",
        "to": undefined,
      },
      "distance": Object {
        "amount": 9.060275385245033,
        "unit": "km",
      },
      "id": 4059419,
      "image": "https://jiomerchant.akamaized.net/static/category/defaultIcons/H.png",
      "isClosed": true,
      "location": Object {
        "address": "Shop No 01 Plot No 435 Sector No 04 Ghansoli Ghansoli Zone   Rabale Navi Mumbai",
        "lat": 19.115028,
        "lng": 73.00366,
        "pincode": 400701,
      },
      "mId": 100001001875245,
      "minOrder": 0,
      "name": "Healthplus Medical",
      "nextDelivery": "",
      "phoneNumber": "9689613080",
      "rating": Object {
        "amount": 0,
        "outOf": 5,
      },
    },
    Object {
      "categoryName": "Pharmacy / Chemist",
      "deliveryTime": Object {
        "from": "09:00 AM",
        "to": "11:00 PM",
      },
      "distance": Object {
        "amount": 9.142413691098051,
        "unit": "km",
      },
      "id": 7057151,
      "image": "https://jiomerchant.akamaized.net/static/category/defaultIcons/A.png",
      "isClosed": false,
      "location": Object {
        "address": "Shop No 1 Plot No 23 Shree Ambika Dham Chs Sector 3 Ghansoli  Zone Rabale Navi Mumbai",
        "lat": 19.116195,
        "lng": 73.003675,
        "pincode": 400701,
      },
      "mId": 100001001862224,
      "minOrder": 0,
      "name": "Aaijee Chemist Medical And General Store",
      "nextDelivery": "09:00 AM-11:00 PM",
      "phoneNumber": "9833567104",
      "rating": Object {
        "amount": 0,
        "outOf": 5,
      },
    },
    Object {
      "categoryName": "Pharmacy / Chemist",
      "deliveryTime": Object {
        "from": "10:00 AM",
        "to": "11:30 PM",
      },
      "distance": Object {
        "amount": 9.143259159969867,
        "unit": "km",
      },
      "id": 7043584,
      "image": "https://jiomerchant.akamaized.net/static/category/defaultIcons/N.png",
      "isClosed": false,
      "location": Object {
        "address": "Shop No 03 Shree Ambika Darshan Chs Ltd Plot No 21 Sector No 03 Ghansoli Panavel Rural Raigad Rabale Navi Mumbai",
        "lat": 19.11555,
        "lng": 73.003092,
        "pincode": 400701,
      },
      "mId": 100001001779382,
      "minOrder": 0,
      "name": "New Ratan Medico",
      "nextDelivery": "10:00 AM-11:30 PM",
      "phoneNumber": "7977443088",
      "rating": Object {
        "amount": 0,
        "outOf": 5,
      },
    },
    Object {
      "categoryName": "Kirana / Provision store / Supermarket",
      "deliveryTime": Object {
        "from": "08:00 AM",
        "to": "11:00 PM",
      },
      "distance": Object {
        "amount": 9.149147108322827,
        "unit": "km",
      },
      "id": 1043323,
      "image": "https://jiomerchant.akamaized.net/static/category/defaultIcons/G.png",
      "isClosed": false,
      "location": Object {
        "address": "Shree Ambika Darshan Society Shop No 04 Plot No 21 Sector 03 Ghansoli  Municipal Corporati Rabale Navi Mumbai",
        "lat": 19.115609,
        "lng": 73.003071,
        "pincode": 400701,
      },
      "mId": 100001001780282,
      "minOrder": 0,
      "name": "Gaytri General Stores",
      "nextDelivery": "08:00 AM-11:00 PM",
      "phoneNumber": "9967392166",
      "rating": Object {
        "amount": 0,
        "outOf": 5,
      },
    },
    Object {
      "categoryName": "Pharmacy / Chemist",
      "deliveryTime": Object {
        "from": "",
        "to": undefined,
      },
      "distance": Object {
        "amount": 9.168234926724237,
        "unit": "km",
      },
      "id": 4072563,
      "image": "https://jiomerchant.akamaized.net/static/category/defaultIcons/R.png",
      "isClosed": true,
      "location": Object {
        "address": "Shop No 6 Ground Floor Gurukrupa Co Op Housing Soc Plot No 22 Sector 3 Ghansoli Rabale Navi Mumbai",
        "lat": 19.115988,
        "lng": 73.003169,
        "pincode": 400701,
      },
      "mId": 100001001928056,
      "minOrder": 0,
      "name": "Real Medical",
      "nextDelivery": "",
      "phoneNumber": "9987254233",
      "rating": Object {
        "amount": 0,
        "outOf": 5,
      },
    },
    Object {
      "categoryName": "Kirana / Provision store / Supermarket",
      "deliveryTime": Object {
        "from": "",
        "to": undefined,
      },
      "distance": Object {
        "amount": 9.200797732391724,
        "unit": "km",
      },
      "id": 1043325,
      "image": "https://jiomerchant.akamaized.net/static/category/defaultIcons/C.png",
      "isClosed": true,
      "location": Object {
        "address": "Shop No 01 Plot No 339 Sector 04 Ghansoli Rabale Navi Mumbai",
        "lat": 19.115939,
        "lng": 73.002722,
        "pincode": 400701,
      },
      "mId": 100001001779565,
      "minOrder": 0,
      "name": "Chamunda Traders",
      "nextDelivery": "",
      "phoneNumber": "7208693712",
      "rating": Object {
        "amount": 0,
        "outOf": 5,
      },
    },
    Object {
      "categoryName": "Kirana / Provision store / Supermarket",
      "deliveryTime": Object {
        "from": "07:00 AM",
        "to": "11:00 PM",
      },
      "distance": Object {
        "amount": 9.207083429345595,
        "unit": "km",
      },
      "id": 4043198,
      "image": "https://jiomerchant.akamaized.net/static/category/defaultIcons/J.png",
      "isClosed": false,
      "location": Object {
        "address": "Shop No 1 Plot No 220 Sector 4 Ghansoli Navi Mumbai   Rabale Navi Mumbai",
        "lat": 19.115916,
        "lng": 73.002624,
        "pincode": 400701,
      },
      "mId": 100001001778083,
      "minOrder": 0,
      "name": "Jagdamba Traders",
      "nextDelivery": "07:00 AM-11:00 PM",
      "phoneNumber": "9920350769",
      "rating": Object {
        "amount": 0,
        "outOf": 5,
      },
    },
    Object {
      "categoryName": "Pharmacy / Chemist",
      "deliveryTime": Object {
        "from": "08:30 AM",
        "to": "12:00 PM",
      },
      "distance": Object {
        "amount": 9.21369823358795,
        "unit": "km",
      },
      "id": 4043264,
      "image": "https://jiomerchant.akamaized.net/static/category/defaultIcons/S.png",
      "isClosed": false,
      "location": Object {
        "address": "Shop No 1 Ground Floor Raghukul Plot No 221 Sector 4 Ghansoli Zone Rabale Navi Mumbai",
        "lat": 19.115869,
        "lng": 73.002501,
        "pincode": 400701,
      },
      "mId": 100001001778740,
      "minOrder": 0,
      "name": "Samarth Medical General Store",
      "nextDelivery": "08:30 AM-12:00 PM",
      "phoneNumber": "9987115068",
      "rating": Object {
        "amount": 0,
        "outOf": 5,
      },
    },
    Object {
      "categoryName": "Kirana / Provision store / Supermarket",
      "deliveryTime": Object {
        "from": "09:00 AM",
        "to": "11:30 PM",
      },
      "distance": Object {
        "amount": 9.252835748985314,
        "unit": "km",
      },
      "id": 7050926,
      "image": "https://jiomerchant.akamaized.net/static/category/defaultIcons/R.png",
      "isClosed": false,
      "location": Object {
        "address": "Shop No 9 Neel Kamal Chs Sector No 5 Ghansoli Ghansoli Zone Navi Mumbai  Rabale Navi Mumbai",
        "lat": 19.118361,
        "lng": 73.004274,
        "pincode": 400701,
      },
      "mId": 100001001817275,
      "minOrder": 0,
      "name": "Rishi Prasad Store",
      "nextDelivery": "09:00 AM-11:30 PM",
      "phoneNumber": "9768929192",
      "rating": Object {
        "amount": 0,
        "outOf": 5,
      },
    },
    Object {
      "categoryName": "Pharmacy / Chemist",
      "deliveryTime": Object {
        "from": "09:00 AM",
        "to": "12:00 PM",
      },
      "distance": Object {
        "amount": 9.345395237204688,
        "unit": "km",
      },
      "id": 1034889,
      "image": "https://jiomerchant.akamaized.net/static/category/defaultIcons/S.png",
      "isClosed": false,
      "location": Object {
        "address": "Shop No 14 Plot No 97 Sec 05 Ghansoli Rabale Navi Mumbai",
        "lat": 19.117976,
        "lng": 73.002745,
        "pincode": 400701,
      },
      "mId": 100001001748924,
      "minOrder": 0,
      "name": "Sangeeta Chemist And Druggist",
      "nextDelivery": "09:00 AM-12:00 PM",
      "phoneNumber": "9167191865",
      "rating": Object {
        "amount": 0,
        "outOf": 5,
      },
    },
    Object {
      "categoryName": "Kirana / Provision store / Supermarket",
      "deliveryTime": Object {
        "from": "",
        "to": undefined,
      },
      "distance": Object {
        "amount": 9.345400897213453,
        "unit": "km",
      },
      "id": 1082883,
      "image": "https://jiomerchant.akamaized.net/static/category/defaultIcons/T.png",
      "isClosed": true,
      "location": Object {
        "address": "Reliance Corporate Park, TC 22 Ghansoli,India Navi Mumbai",
        "lat": 19.12834,
        "lng": 73.014066,
        "pincode": 400701,
      },
      "mId": 100001001966616,
      "minOrder": 0,
      "name": "Test Store Kirana Rahul 50032594",
      "nextDelivery": "",
      "phoneNumber": "9899450401",
      "rating": Object {
        "amount": 0,
        "outOf": 5,
      },
    },
    Object {
      "categoryName": "Kirana / Provision store / Supermarket",
      "deliveryTime": Object {
        "from": "",
        "to": undefined,
      },
      "distance": Object {
        "amount": 9.346563145166723,
        "unit": "km",
      },
      "id": 4035490,
      "image": "https://jiomerchant.akamaized.net/static/category/defaultIcons/S.png",
      "isClosed": true,
      "location": Object {
        "address": "Shop No 10 Plot No 97 Ambe Bhakti Sector 5 Ghansoli Navi Mumbai Ghansoli Zone Navi Mumbai Rabale",
        "lat": 19.117968,
        "lng": 73.002723,
        "pincode": 400701,
      },
      "mId": 100001001749987,
      "minOrder": 0,
      "name": "Shree Bahucharaji Traders",
      "nextDelivery": "",
      "phoneNumber": "9769057080",
      "rating": Object {
        "amount": 0,
        "outOf": 5,
      },
    },
  ],
}
`;

exports[`kiranas internalGetKiranas should get kiranas with an address ID 1`] = `
Array [
  "/jiokart/v1/get/stores",
  Object {
    "body": Object {
      "CustomerId": 10005564,
      "FilterType": 0,
      "IsFavorite": 1,
      "Lat": 19.0630231,
      "Long": 73.0700421,
      "PageNo": 0,
      "Pincode": 410210,
    },
  },
]
`;

exports[`kiranas internalGetKiranas should get kiranas with an address ID 2`] = `
Object {
  "invites": Array [
    Object {
      "categoryName": "Kirana / Provision store / Supermarket",
      "deliveryTime": Object {
        "from": "07:00 AM",
        "to": "11:00 PM",
      },
      "distance": Object {
        "amount": 1017.8037777577053,
        "unit": "km",
      },
      "id": 1065280,
      "image": "https://jiomerchant.akamaized.net/static/category/defaultIcons/T.png",
      "isClosed": false,
      "location": Object {
        "address": "F 41, Glomax Mall Plt 17, 18 and 19, Kha Kharghar,India Navi Mumbai",
        "lat": 28.2166,
        "lng": 73.135,
        "pincode": 334001,
      },
      "mId": 100001001898176,
      "minOrder": 0,
      "name": "Test PIYUSH STORES",
      "nextDelivery": "07:00 AM-11:00 PM",
      "phoneNumber": "7021410233",
      "rating": Object {
        "amount": 0,
        "outOf": 5,
      },
    },
    Object {
      "categoryName": "Pharmacy / Chemist",
      "deliveryTime": Object {
        "from": "",
        "to": undefined,
      },
      "distance": Object {
        "amount": 9.168234926724237,
        "unit": "km",
      },
      "id": 4072563,
      "image": "https://jiomerchant.akamaized.net/static/category/defaultIcons/R.png",
      "isClosed": true,
      "location": Object {
        "address": "Shop No 6 Ground Floor Gurukrupa Co Op Housing Soc Plot No 22 Sector 3 Ghansoli Rabale Navi Mumbai",
        "lat": 19.115988,
        "lng": 73.003169,
        "pincode": 400701,
      },
      "mId": 100001001928056,
      "minOrder": 0,
      "name": "Real Medical",
      "nextDelivery": "",
      "phoneNumber": "9987254233",
      "rating": Object {
        "amount": 0,
        "outOf": 5,
      },
    },
  ],
  "kiranas": Array [
    Object {
      "categoryName": "Kirana / Provision store / Supermarket",
      "deliveryTime": Object {
        "from": "",
        "to": undefined,
      },
      "distance": Object {
        "amount": 7.555213981176221,
        "unit": "km",
      },
      "id": 1043040,
      "image": "https://jiomerchant.akamaized.net/static/category/defaultIcons/S.png",
      "isClosed": true,
      "location": Object {
        "address": "Shop No 03 Plot No 34 Shriji Dham Sector 15 Ghanso Li  Ghasoli Zone  Municipal Rabale Navi Mumbai",
        "lat": 19.096218,
        "lng": 73.007307,
        "pincode": 400701,
      },
      "mId": 100001001778587,
      "minOrder": 0,
      "name": "Shri Mauli Enterprises",
      "nextDelivery": "",
      "phoneNumber": "9324029745",
      "rating": Object {
        "amount": 0,
        "outOf": 5,
      },
    },
    Object {
      "categoryName": "Kirana / Provision store / Supermarket",
      "deliveryTime": Object {
        "from": "07:00 AM",
        "to": "10:00 PM",
      },
      "distance": Object {
        "amount": 7.562458471083388,
        "unit": "km",
      },
      "id": 1043237,
      "image": "https://jiomerchant.akamaized.net/static/category/defaultIcons/S.png",
      "isClosed": false,
      "location": Object {
        "address": "253   Sector 1   Savoli   Sector 2   Ghansol Ghansoli Rabale Navi Mumbai",
        "lat": 19.096218,
        "lng": 73.007228,
        "pincode": 400701,
      },
      "mId": 100001001779351,
      "minOrder": 0,
      "name": "Sadguru Kirana And General Stores",
      "nextDelivery": "07:00 AM-10:00 PM",
      "phoneNumber": "9322035279",
      "rating": Object {
        "amount": 0,
        "outOf": 5,
      },
    },
    Object {
      "categoryName": "Kirana / Provision store / Supermarket",
      "deliveryTime": Object {
        "from": "",
        "to": undefined,
      },
      "distance": Object {
        "amount": 7.742178092898876,
        "unit": "km",
      },
      "id": 7072559,
      "image": "https://jiomerchant.akamaized.net/static/category/defaultIcons/S.png",
      "isClosed": true,
      "location": Object {
        "address": "Suresh Seth Apt Shop No 06 Kalyan Phata Mahape,India Navi Mumbai",
        "lat": 19.115369,
        "lng": 73.021454,
        "pincode": 400701,
      },
      "mId": 100001001927578,
      "minOrder": 0,
      "name": "Shubh Laxmi Super Market",
      "nextDelivery": "",
      "phoneNumber": "9768979767",
      "rating": Object {
        "amount": 0,
        "outOf": 5,
      },
    },
    Object {
      "categoryName": "Kirana / Provision store / Supermarket",
      "deliveryTime": Object {
        "from": "06:30 AM",
        "to": "11:30 PM",
      },
      "distance": Object {
        "amount": 7.933538042532049,
        "unit": "km",
      },
      "id": 7046477,
      "image": "https://jiomerchant.akamaized.net/static/category/defaultIcons/S.png",
      "isClosed": false,
      "location": Object {
        "address": "Opposite Sai Baba Mandir Sector 11 Juhu Gaon Rabale Navi Mumbai",
        "lat": 19.084085,
        "lng": 72.99791,
        "pincode": 400701,
      },
      "mId": 100001001789979,
      "minOrder": 0,
      "name": "Shree Ganesh Stores",
      "nextDelivery": "06:30 AM-11:30 PM",
      "phoneNumber": "7715081904",
      "rating": Object {
        "amount": 0,
        "outOf": 5,
      },
    },
    Object {
      "categoryName": "Pharmacy / Chemist",
      "deliveryTime": Object {
        "from": "",
        "to": undefined,
      },
      "distance": Object {
        "amount": 8.6661870741681,
        "unit": "km",
      },
      "id": 1073839,
      "image": "https://jiomerchant.akamaized.net/static/category/defaultIcons/P.png",
      "isClosed": true,
      "location": Object {
        "address": "Shop No 1 Plot No 94 Sec 21 Gaondevi Apt Ghansoli Navi Mumbai Thane Ghansoli Zone Rabale Navi Mumbai",
        "lat": 19.10693,
        "lng": 73.0019,
        "pincode": 400701,
      },
      "mId": 100001001932064,
      "minOrder": 0,
      "name": "Purab Chemist",
      "nextDelivery": "",
      "phoneNumber": "8369058080",
      "rating": Object {
        "amount": 0,
        "outOf": 5,
      },
    },
    Object {
      "categoryName": "Kirana / Provision store / Supermarket",
      "deliveryTime": Object {
        "from": "",
        "to": undefined,
      },
      "distance": Object {
        "amount": 8.952651451073477,
        "unit": "km",
      },
      "id": 4059990,
      "image": "https://jiomerchant.akamaized.net/static/category/defaultIcons/U.png",
      "isClosed": true,
      "location": Object {
        "address": "Plot No 106 Shop No 01 Shansoli Zone  Zone 2 Opp Rajendra Ashram Rabale Navi Mumbai",
        "lat": 19.113521,
        "lng": 73.00368,
        "pincode": 400701,
      },
      "mId": 100001001877826,
      "minOrder": 0,
      "name": "U Mart",
      "nextDelivery": "",
      "phoneNumber": "8767277877",
      "rating": Object {
        "amount": 0,
        "outOf": 5,
      },
    },
    Object {
      "categoryName": "Kirana / Provision store / Supermarket",
      "deliveryTime": Object {
        "from": "06:00 AM",
        "to": "11:30 PM",
      },
      "distance": Object {
        "amount": 8.963321342715451,
        "unit": "km",
      },
      "id": 7037496,
      "image": "https://jiomerchant.akamaized.net/static/category/defaultIcons/S.png",
      "isClosed": false,
      "location": Object {
        "address": "Shiv Complex Shop No 4 Plot No 14 15 Sector 3 Ghansoli  Rabale Navi Mumbai",
        "lat": 19.113654,
        "lng": 73.003663,
        "pincode": 400701,
      },
      "mId": 100001001756691,
      "minOrder": 0,
      "name": "Shree Bhagyalaxmi General Stores",
      "nextDelivery": "06:00 AM-11:30 PM",
      "phoneNumber": "8828004747",
      "rating": Object {
        "amount": 0,
        "outOf": 5,
      },
    },
    Object {
      "categoryName": "Kirana / Provision store / Supermarket",
      "deliveryTime": Object {
        "from": "",
        "to": undefined,
      },
      "distance": Object {
        "amount": 8.96907675901056,
        "unit": "km",
      },
      "id": 7044396,
      "image": "https://jiomerchant.akamaized.net/static/category/defaultIcons/S.png",
      "isClosed": true,
      "location": Object {
        "address": "Shop No 05 Plot No 528 Sec 4 Balaji Krupa Bldg Ghansoli Ghansoli West Ghansoli Station Road Rabale",
        "lat": 19.113713,
        "lng": 73.003643,
        "pincode": 400701,
      },
      "mId": 100001001782230,
      "minOrder": 0,
      "name": "Shah Super Mart",
      "nextDelivery": "",
      "phoneNumber": "9172721641",
      "rating": Object {
        "amount": 0,
        "outOf": 5,
      },
    },
    Object {
      "categoryName": "Pharmacy / Chemist",
      "deliveryTime": Object {
        "from": "",
        "to": undefined,
      },
      "distance": Object {
        "amount": 9.060275385245033,
        "unit": "km",
      },
      "id": 4059419,
      "image": "https://jiomerchant.akamaized.net/static/category/defaultIcons/H.png",
      "isClosed": true,
      "location": Object {
        "address": "Shop No 01 Plot No 435 Sector No 04 Ghansoli Ghansoli Zone   Rabale Navi Mumbai",
        "lat": 19.115028,
        "lng": 73.00366,
        "pincode": 400701,
      },
      "mId": 100001001875245,
      "minOrder": 0,
      "name": "Healthplus Medical",
      "nextDelivery": "",
      "phoneNumber": "9689613080",
      "rating": Object {
        "amount": 0,
        "outOf": 5,
      },
    },
    Object {
      "categoryName": "Pharmacy / Chemist",
      "deliveryTime": Object {
        "from": "09:00 AM",
        "to": "11:00 PM",
      },
      "distance": Object {
        "amount": 9.142413691098051,
        "unit": "km",
      },
      "id": 7057151,
      "image": "https://jiomerchant.akamaized.net/static/category/defaultIcons/A.png",
      "isClosed": false,
      "location": Object {
        "address": "Shop No 1 Plot No 23 Shree Ambika Dham Chs Sector 3 Ghansoli  Zone Rabale Navi Mumbai",
        "lat": 19.116195,
        "lng": 73.003675,
        "pincode": 400701,
      },
      "mId": 100001001862224,
      "minOrder": 0,
      "name": "Aaijee Chemist Medical And General Store",
      "nextDelivery": "09:00 AM-11:00 PM",
      "phoneNumber": "9833567104",
      "rating": Object {
        "amount": 0,
        "outOf": 5,
      },
    },
    Object {
      "categoryName": "Pharmacy / Chemist",
      "deliveryTime": Object {
        "from": "10:00 AM",
        "to": "11:30 PM",
      },
      "distance": Object {
        "amount": 9.143259159969867,
        "unit": "km",
      },
      "id": 7043584,
      "image": "https://jiomerchant.akamaized.net/static/category/defaultIcons/N.png",
      "isClosed": false,
      "location": Object {
        "address": "Shop No 03 Shree Ambika Darshan Chs Ltd Plot No 21 Sector No 03 Ghansoli Panavel Rural Raigad Rabale Navi Mumbai",
        "lat": 19.11555,
        "lng": 73.003092,
        "pincode": 400701,
      },
      "mId": 100001001779382,
      "minOrder": 0,
      "name": "New Ratan Medico",
      "nextDelivery": "10:00 AM-11:30 PM",
      "phoneNumber": "7977443088",
      "rating": Object {
        "amount": 0,
        "outOf": 5,
      },
    },
    Object {
      "categoryName": "Kirana / Provision store / Supermarket",
      "deliveryTime": Object {
        "from": "08:00 AM",
        "to": "11:00 PM",
      },
      "distance": Object {
        "amount": 9.149147108322827,
        "unit": "km",
      },
      "id": 1043323,
      "image": "https://jiomerchant.akamaized.net/static/category/defaultIcons/G.png",
      "isClosed": false,
      "location": Object {
        "address": "Shree Ambika Darshan Society Shop No 04 Plot No 21 Sector 03 Ghansoli  Municipal Corporati Rabale Navi Mumbai",
        "lat": 19.115609,
        "lng": 73.003071,
        "pincode": 400701,
      },
      "mId": 100001001780282,
      "minOrder": 0,
      "name": "Gaytri General Stores",
      "nextDelivery": "08:00 AM-11:00 PM",
      "phoneNumber": "9967392166",
      "rating": Object {
        "amount": 0,
        "outOf": 5,
      },
    },
    Object {
      "categoryName": "Pharmacy / Chemist",
      "deliveryTime": Object {
        "from": "",
        "to": undefined,
      },
      "distance": Object {
        "amount": 9.168234926724237,
        "unit": "km",
      },
      "id": 4072563,
      "image": "https://jiomerchant.akamaized.net/static/category/defaultIcons/R.png",
      "isClosed": true,
      "location": Object {
        "address": "Shop No 6 Ground Floor Gurukrupa Co Op Housing Soc Plot No 22 Sector 3 Ghansoli Rabale Navi Mumbai",
        "lat": 19.115988,
        "lng": 73.003169,
        "pincode": 400701,
      },
      "mId": 100001001928056,
      "minOrder": 0,
      "name": "Real Medical",
      "nextDelivery": "",
      "phoneNumber": "9987254233",
      "rating": Object {
        "amount": 0,
        "outOf": 5,
      },
    },
    Object {
      "categoryName": "Kirana / Provision store / Supermarket",
      "deliveryTime": Object {
        "from": "",
        "to": undefined,
      },
      "distance": Object {
        "amount": 9.200797732391724,
        "unit": "km",
      },
      "id": 1043325,
      "image": "https://jiomerchant.akamaized.net/static/category/defaultIcons/C.png",
      "isClosed": true,
      "location": Object {
        "address": "Shop No 01 Plot No 339 Sector 04 Ghansoli Rabale Navi Mumbai",
        "lat": 19.115939,
        "lng": 73.002722,
        "pincode": 400701,
      },
      "mId": 100001001779565,
      "minOrder": 0,
      "name": "Chamunda Traders",
      "nextDelivery": "",
      "phoneNumber": "7208693712",
      "rating": Object {
        "amount": 0,
        "outOf": 5,
      },
    },
    Object {
      "categoryName": "Kirana / Provision store / Supermarket",
      "deliveryTime": Object {
        "from": "07:00 AM",
        "to": "11:00 PM",
      },
      "distance": Object {
        "amount": 9.207083429345595,
        "unit": "km",
      },
      "id": 4043198,
      "image": "https://jiomerchant.akamaized.net/static/category/defaultIcons/J.png",
      "isClosed": false,
      "location": Object {
        "address": "Shop No 1 Plot No 220 Sector 4 Ghansoli Navi Mumbai   Rabale Navi Mumbai",
        "lat": 19.115916,
        "lng": 73.002624,
        "pincode": 400701,
      },
      "mId": 100001001778083,
      "minOrder": 0,
      "name": "Jagdamba Traders",
      "nextDelivery": "07:00 AM-11:00 PM",
      "phoneNumber": "9920350769",
      "rating": Object {
        "amount": 0,
        "outOf": 5,
      },
    },
    Object {
      "categoryName": "Pharmacy / Chemist",
      "deliveryTime": Object {
        "from": "08:30 AM",
        "to": "12:00 PM",
      },
      "distance": Object {
        "amount": 9.21369823358795,
        "unit": "km",
      },
      "id": 4043264,
      "image": "https://jiomerchant.akamaized.net/static/category/defaultIcons/S.png",
      "isClosed": false,
      "location": Object {
        "address": "Shop No 1 Ground Floor Raghukul Plot No 221 Sector 4 Ghansoli Zone Rabale Navi Mumbai",
        "lat": 19.115869,
        "lng": 73.002501,
        "pincode": 400701,
      },
      "mId": 100001001778740,
      "minOrder": 0,
      "name": "Samarth Medical General Store",
      "nextDelivery": "08:30 AM-12:00 PM",
      "phoneNumber": "9987115068",
      "rating": Object {
        "amount": 0,
        "outOf": 5,
      },
    },
    Object {
      "categoryName": "Kirana / Provision store / Supermarket",
      "deliveryTime": Object {
        "from": "09:00 AM",
        "to": "11:30 PM",
      },
      "distance": Object {
        "amount": 9.252835748985314,
        "unit": "km",
      },
      "id": 7050926,
      "image": "https://jiomerchant.akamaized.net/static/category/defaultIcons/R.png",
      "isClosed": false,
      "location": Object {
        "address": "Shop No 9 Neel Kamal Chs Sector No 5 Ghansoli Ghansoli Zone Navi Mumbai  Rabale Navi Mumbai",
        "lat": 19.118361,
        "lng": 73.004274,
        "pincode": 400701,
      },
      "mId": 100001001817275,
      "minOrder": 0,
      "name": "Rishi Prasad Store",
      "nextDelivery": "09:00 AM-11:30 PM",
      "phoneNumber": "9768929192",
      "rating": Object {
        "amount": 0,
        "outOf": 5,
      },
    },
    Object {
      "categoryName": "Pharmacy / Chemist",
      "deliveryTime": Object {
        "from": "09:00 AM",
        "to": "12:00 PM",
      },
      "distance": Object {
        "amount": 9.345395237204688,
        "unit": "km",
      },
      "id": 1034889,
      "image": "https://jiomerchant.akamaized.net/static/category/defaultIcons/S.png",
      "isClosed": false,
      "location": Object {
        "address": "Shop No 14 Plot No 97 Sec 05 Ghansoli Rabale Navi Mumbai",
        "lat": 19.117976,
        "lng": 73.002745,
        "pincode": 400701,
      },
      "mId": 100001001748924,
      "minOrder": 0,
      "name": "Sangeeta Chemist And Druggist",
      "nextDelivery": "09:00 AM-12:00 PM",
      "phoneNumber": "9167191865",
      "rating": Object {
        "amount": 0,
        "outOf": 5,
      },
    },
    Object {
      "categoryName": "Kirana / Provision store / Supermarket",
      "deliveryTime": Object {
        "from": "",
        "to": undefined,
      },
      "distance": Object {
        "amount": 9.345400897213453,
        "unit": "km",
      },
      "id": 1082883,
      "image": "https://jiomerchant.akamaized.net/static/category/defaultIcons/T.png",
      "isClosed": true,
      "location": Object {
        "address": "Reliance Corporate Park, TC 22 Ghansoli,India Navi Mumbai",
        "lat": 19.12834,
        "lng": 73.014066,
        "pincode": 400701,
      },
      "mId": 100001001966616,
      "minOrder": 0,
      "name": "Test Store Kirana Rahul 50032594",
      "nextDelivery": "",
      "phoneNumber": "9899450401",
      "rating": Object {
        "amount": 0,
        "outOf": 5,
      },
    },
    Object {
      "categoryName": "Kirana / Provision store / Supermarket",
      "deliveryTime": Object {
        "from": "",
        "to": undefined,
      },
      "distance": Object {
        "amount": 9.346563145166723,
        "unit": "km",
      },
      "id": 4035490,
      "image": "https://jiomerchant.akamaized.net/static/category/defaultIcons/S.png",
      "isClosed": true,
      "location": Object {
        "address": "Shop No 10 Plot No 97 Ambe Bhakti Sector 5 Ghansoli Navi Mumbai Ghansoli Zone Navi Mumbai Rabale",
        "lat": 19.117968,
        "lng": 73.002723,
        "pincode": 400701,
      },
      "mId": 100001001749987,
      "minOrder": 0,
      "name": "Shree Bahucharaji Traders",
      "nextDelivery": "",
      "phoneNumber": "9769057080",
      "rating": Object {
        "amount": 0,
        "outOf": 5,
      },
    },
  ],
}
`;

exports[`kiranas internalGetKiranas should get kiranas without an address ID 1`] = `
Array [
  "/jiokart/v1/get/stores",
  Object {
    "body": Object {
      "CustomerId": 10005564,
      "FilterType": 0,
      "IsFavorite": 1,
      "Lat": 19.0630231,
      "Long": 73.0700421,
      "PageNo": 0,
      "Pincode": 410210,
    },
  },
]
`;

exports[`kiranas internalGetKiranas should get kiranas without an address ID 2`] = `
Object {
  "invites": Array [
    Object {
      "categoryName": "Kirana / Provision store / Supermarket",
      "deliveryTime": Object {
        "from": "07:00 AM",
        "to": "11:00 PM",
      },
      "distance": Object {
        "amount": 1017.8037777577053,
        "unit": "km",
      },
      "id": 1065280,
      "image": "https://jiomerchant.akamaized.net/static/category/defaultIcons/T.png",
      "isClosed": false,
      "location": Object {
        "address": "F 41, Glomax Mall Plt 17, 18 and 19, Kha Kharghar,India Navi Mumbai",
        "lat": 28.2166,
        "lng": 73.135,
        "pincode": 334001,
      },
      "mId": 100001001898176,
      "minOrder": 0,
      "name": "Test PIYUSH STORES",
      "nextDelivery": "07:00 AM-11:00 PM",
      "phoneNumber": "7021410233",
      "rating": Object {
        "amount": 0,
        "outOf": 5,
      },
    },
    Object {
      "categoryName": "Pharmacy / Chemist",
      "deliveryTime": Object {
        "from": "",
        "to": undefined,
      },
      "distance": Object {
        "amount": 9.168234926724237,
        "unit": "km",
      },
      "id": 4072563,
      "image": "https://jiomerchant.akamaized.net/static/category/defaultIcons/R.png",
      "isClosed": true,
      "location": Object {
        "address": "Shop No 6 Ground Floor Gurukrupa Co Op Housing Soc Plot No 22 Sector 3 Ghansoli Rabale Navi Mumbai",
        "lat": 19.115988,
        "lng": 73.003169,
        "pincode": 400701,
      },
      "mId": 100001001928056,
      "minOrder": 0,
      "name": "Real Medical",
      "nextDelivery": "",
      "phoneNumber": "9987254233",
      "rating": Object {
        "amount": 0,
        "outOf": 5,
      },
    },
  ],
  "kiranas": Array [
    Object {
      "categoryName": "Kirana / Provision store / Supermarket",
      "deliveryTime": Object {
        "from": "",
        "to": undefined,
      },
      "distance": Object {
        "amount": 7.555213981176221,
        "unit": "km",
      },
      "id": 1043040,
      "image": "https://jiomerchant.akamaized.net/static/category/defaultIcons/S.png",
      "isClosed": true,
      "location": Object {
        "address": "Shop No 03 Plot No 34 Shriji Dham Sector 15 Ghanso Li  Ghasoli Zone  Municipal Rabale Navi Mumbai",
        "lat": 19.096218,
        "lng": 73.007307,
        "pincode": 400701,
      },
      "mId": 100001001778587,
      "minOrder": 0,
      "name": "Shri Mauli Enterprises",
      "nextDelivery": "",
      "phoneNumber": "9324029745",
      "rating": Object {
        "amount": 0,
        "outOf": 5,
      },
    },
    Object {
      "categoryName": "Kirana / Provision store / Supermarket",
      "deliveryTime": Object {
        "from": "07:00 AM",
        "to": "10:00 PM",
      },
      "distance": Object {
        "amount": 7.562458471083388,
        "unit": "km",
      },
      "id": 1043237,
      "image": "https://jiomerchant.akamaized.net/static/category/defaultIcons/S.png",
      "isClosed": false,
      "location": Object {
        "address": "253   Sector 1   Savoli   Sector 2   Ghansol Ghansoli Rabale Navi Mumbai",
        "lat": 19.096218,
        "lng": 73.007228,
        "pincode": 400701,
      },
      "mId": 100001001779351,
      "minOrder": 0,
      "name": "Sadguru Kirana And General Stores",
      "nextDelivery": "07:00 AM-10:00 PM",
      "phoneNumber": "9322035279",
      "rating": Object {
        "amount": 0,
        "outOf": 5,
      },
    },
    Object {
      "categoryName": "Kirana / Provision store / Supermarket",
      "deliveryTime": Object {
        "from": "",
        "to": undefined,
      },
      "distance": Object {
        "amount": 7.742178092898876,
        "unit": "km",
      },
      "id": 7072559,
      "image": "https://jiomerchant.akamaized.net/static/category/defaultIcons/S.png",
      "isClosed": true,
      "location": Object {
        "address": "Suresh Seth Apt Shop No 06 Kalyan Phata Mahape,India Navi Mumbai",
        "lat": 19.115369,
        "lng": 73.021454,
        "pincode": 400701,
      },
      "mId": 100001001927578,
      "minOrder": 0,
      "name": "Shubh Laxmi Super Market",
      "nextDelivery": "",
      "phoneNumber": "9768979767",
      "rating": Object {
        "amount": 0,
        "outOf": 5,
      },
    },
    Object {
      "categoryName": "Kirana / Provision store / Supermarket",
      "deliveryTime": Object {
        "from": "06:30 AM",
        "to": "11:30 PM",
      },
      "distance": Object {
        "amount": 7.933538042532049,
        "unit": "km",
      },
      "id": 7046477,
      "image": "https://jiomerchant.akamaized.net/static/category/defaultIcons/S.png",
      "isClosed": false,
      "location": Object {
        "address": "Opposite Sai Baba Mandir Sector 11 Juhu Gaon Rabale Navi Mumbai",
        "lat": 19.084085,
        "lng": 72.99791,
        "pincode": 400701,
      },
      "mId": 100001001789979,
      "minOrder": 0,
      "name": "Shree Ganesh Stores",
      "nextDelivery": "06:30 AM-11:30 PM",
      "phoneNumber": "7715081904",
      "rating": Object {
        "amount": 0,
        "outOf": 5,
      },
    },
    Object {
      "categoryName": "Pharmacy / Chemist",
      "deliveryTime": Object {
        "from": "",
        "to": undefined,
      },
      "distance": Object {
        "amount": 8.6661870741681,
        "unit": "km",
      },
      "id": 1073839,
      "image": "https://jiomerchant.akamaized.net/static/category/defaultIcons/P.png",
      "isClosed": true,
      "location": Object {
        "address": "Shop No 1 Plot No 94 Sec 21 Gaondevi Apt Ghansoli Navi Mumbai Thane Ghansoli Zone Rabale Navi Mumbai",
        "lat": 19.10693,
        "lng": 73.0019,
        "pincode": 400701,
      },
      "mId": 100001001932064,
      "minOrder": 0,
      "name": "Purab Chemist",
      "nextDelivery": "",
      "phoneNumber": "8369058080",
      "rating": Object {
        "amount": 0,
        "outOf": 5,
      },
    },
    Object {
      "categoryName": "Kirana / Provision store / Supermarket",
      "deliveryTime": Object {
        "from": "",
        "to": undefined,
      },
      "distance": Object {
        "amount": 8.952651451073477,
        "unit": "km",
      },
      "id": 4059990,
      "image": "https://jiomerchant.akamaized.net/static/category/defaultIcons/U.png",
      "isClosed": true,
      "location": Object {
        "address": "Plot No 106 Shop No 01 Shansoli Zone  Zone 2 Opp Rajendra Ashram Rabale Navi Mumbai",
        "lat": 19.113521,
        "lng": 73.00368,
        "pincode": 400701,
      },
      "mId": 100001001877826,
      "minOrder": 0,
      "name": "U Mart",
      "nextDelivery": "",
      "phoneNumber": "8767277877",
      "rating": Object {
        "amount": 0,
        "outOf": 5,
      },
    },
    Object {
      "categoryName": "Kirana / Provision store / Supermarket",
      "deliveryTime": Object {
        "from": "06:00 AM",
        "to": "11:30 PM",
      },
      "distance": Object {
        "amount": 8.963321342715451,
        "unit": "km",
      },
      "id": 7037496,
      "image": "https://jiomerchant.akamaized.net/static/category/defaultIcons/S.png",
      "isClosed": false,
      "location": Object {
        "address": "Shiv Complex Shop No 4 Plot No 14 15 Sector 3 Ghansoli  Rabale Navi Mumbai",
        "lat": 19.113654,
        "lng": 73.003663,
        "pincode": 400701,
      },
      "mId": 100001001756691,
      "minOrder": 0,
      "name": "Shree Bhagyalaxmi General Stores",
      "nextDelivery": "06:00 AM-11:30 PM",
      "phoneNumber": "8828004747",
      "rating": Object {
        "amount": 0,
        "outOf": 5,
      },
    },
    Object {
      "categoryName": "Kirana / Provision store / Supermarket",
      "deliveryTime": Object {
        "from": "",
        "to": undefined,
      },
      "distance": Object {
        "amount": 8.96907675901056,
        "unit": "km",
      },
      "id": 7044396,
      "image": "https://jiomerchant.akamaized.net/static/category/defaultIcons/S.png",
      "isClosed": true,
      "location": Object {
        "address": "Shop No 05 Plot No 528 Sec 4 Balaji Krupa Bldg Ghansoli Ghansoli West Ghansoli Station Road Rabale",
        "lat": 19.113713,
        "lng": 73.003643,
        "pincode": 400701,
      },
      "mId": 100001001782230,
      "minOrder": 0,
      "name": "Shah Super Mart",
      "nextDelivery": "",
      "phoneNumber": "9172721641",
      "rating": Object {
        "amount": 0,
        "outOf": 5,
      },
    },
    Object {
      "categoryName": "Pharmacy / Chemist",
      "deliveryTime": Object {
        "from": "",
        "to": undefined,
      },
      "distance": Object {
        "amount": 9.060275385245033,
        "unit": "km",
      },
      "id": 4059419,
      "image": "https://jiomerchant.akamaized.net/static/category/defaultIcons/H.png",
      "isClosed": true,
      "location": Object {
        "address": "Shop No 01 Plot No 435 Sector No 04 Ghansoli Ghansoli Zone   Rabale Navi Mumbai",
        "lat": 19.115028,
        "lng": 73.00366,
        "pincode": 400701,
      },
      "mId": 100001001875245,
      "minOrder": 0,
      "name": "Healthplus Medical",
      "nextDelivery": "",
      "phoneNumber": "9689613080",
      "rating": Object {
        "amount": 0,
        "outOf": 5,
      },
    },
    Object {
      "categoryName": "Pharmacy / Chemist",
      "deliveryTime": Object {
        "from": "09:00 AM",
        "to": "11:00 PM",
      },
      "distance": Object {
        "amount": 9.142413691098051,
        "unit": "km",
      },
      "id": 7057151,
      "image": "https://jiomerchant.akamaized.net/static/category/defaultIcons/A.png",
      "isClosed": false,
      "location": Object {
        "address": "Shop No 1 Plot No 23 Shree Ambika Dham Chs Sector 3 Ghansoli  Zone Rabale Navi Mumbai",
        "lat": 19.116195,
        "lng": 73.003675,
        "pincode": 400701,
      },
      "mId": 100001001862224,
      "minOrder": 0,
      "name": "Aaijee Chemist Medical And General Store",
      "nextDelivery": "09:00 AM-11:00 PM",
      "phoneNumber": "9833567104",
      "rating": Object {
        "amount": 0,
        "outOf": 5,
      },
    },
    Object {
      "categoryName": "Pharmacy / Chemist",
      "deliveryTime": Object {
        "from": "10:00 AM",
        "to": "11:30 PM",
      },
      "distance": Object {
        "amount": 9.143259159969867,
        "unit": "km",
      },
      "id": 7043584,
      "image": "https://jiomerchant.akamaized.net/static/category/defaultIcons/N.png",
      "isClosed": false,
      "location": Object {
        "address": "Shop No 03 Shree Ambika Darshan Chs Ltd Plot No 21 Sector No 03 Ghansoli Panavel Rural Raigad Rabale Navi Mumbai",
        "lat": 19.11555,
        "lng": 73.003092,
        "pincode": 400701,
      },
      "mId": 100001001779382,
      "minOrder": 0,
      "name": "New Ratan Medico",
      "nextDelivery": "10:00 AM-11:30 PM",
      "phoneNumber": "7977443088",
      "rating": Object {
        "amount": 0,
        "outOf": 5,
      },
    },
    Object {
      "categoryName": "Kirana / Provision store / Supermarket",
      "deliveryTime": Object {
        "from": "08:00 AM",
        "to": "11:00 PM",
      },
      "distance": Object {
        "amount": 9.149147108322827,
        "unit": "km",
      },
      "id": 1043323,
      "image": "https://jiomerchant.akamaized.net/static/category/defaultIcons/G.png",
      "isClosed": false,
      "location": Object {
        "address": "Shree Ambika Darshan Society Shop No 04 Plot No 21 Sector 03 Ghansoli  Municipal Corporati Rabale Navi Mumbai",
        "lat": 19.115609,
        "lng": 73.003071,
        "pincode": 400701,
      },
      "mId": 100001001780282,
      "minOrder": 0,
      "name": "Gaytri General Stores",
      "nextDelivery": "08:00 AM-11:00 PM",
      "phoneNumber": "9967392166",
      "rating": Object {
        "amount": 0,
        "outOf": 5,
      },
    },
    Object {
      "categoryName": "Pharmacy / Chemist",
      "deliveryTime": Object {
        "from": "",
        "to": undefined,
      },
      "distance": Object {
        "amount": 9.168234926724237,
        "unit": "km",
      },
      "id": 4072563,
      "image": "https://jiomerchant.akamaized.net/static/category/defaultIcons/R.png",
      "isClosed": true,
      "location": Object {
        "address": "Shop No 6 Ground Floor Gurukrupa Co Op Housing Soc Plot No 22 Sector 3 Ghansoli Rabale Navi Mumbai",
        "lat": 19.115988,
        "lng": 73.003169,
        "pincode": 400701,
      },
      "mId": 100001001928056,
      "minOrder": 0,
      "name": "Real Medical",
      "nextDelivery": "",
      "phoneNumber": "9987254233",
      "rating": Object {
        "amount": 0,
        "outOf": 5,
      },
    },
    Object {
      "categoryName": "Kirana / Provision store / Supermarket",
      "deliveryTime": Object {
        "from": "",
        "to": undefined,
      },
      "distance": Object {
        "amount": 9.200797732391724,
        "unit": "km",
      },
      "id": 1043325,
      "image": "https://jiomerchant.akamaized.net/static/category/defaultIcons/C.png",
      "isClosed": true,
      "location": Object {
        "address": "Shop No 01 Plot No 339 Sector 04 Ghansoli Rabale Navi Mumbai",
        "lat": 19.115939,
        "lng": 73.002722,
        "pincode": 400701,
      },
      "mId": 100001001779565,
      "minOrder": 0,
      "name": "Chamunda Traders",
      "nextDelivery": "",
      "phoneNumber": "7208693712",
      "rating": Object {
        "amount": 0,
        "outOf": 5,
      },
    },
    Object {
      "categoryName": "Kirana / Provision store / Supermarket",
      "deliveryTime": Object {
        "from": "07:00 AM",
        "to": "11:00 PM",
      },
      "distance": Object {
        "amount": 9.207083429345595,
        "unit": "km",
      },
      "id": 4043198,
      "image": "https://jiomerchant.akamaized.net/static/category/defaultIcons/J.png",
      "isClosed": false,
      "location": Object {
        "address": "Shop No 1 Plot No 220 Sector 4 Ghansoli Navi Mumbai   Rabale Navi Mumbai",
        "lat": 19.115916,
        "lng": 73.002624,
        "pincode": 400701,
      },
      "mId": 100001001778083,
      "minOrder": 0,
      "name": "Jagdamba Traders",
      "nextDelivery": "07:00 AM-11:00 PM",
      "phoneNumber": "9920350769",
      "rating": Object {
        "amount": 0,
        "outOf": 5,
      },
    },
    Object {
      "categoryName": "Pharmacy / Chemist",
      "deliveryTime": Object {
        "from": "08:30 AM",
        "to": "12:00 PM",
      },
      "distance": Object {
        "amount": 9.21369823358795,
        "unit": "km",
      },
      "id": 4043264,
      "image": "https://jiomerchant.akamaized.net/static/category/defaultIcons/S.png",
      "isClosed": false,
      "location": Object {
        "address": "Shop No 1 Ground Floor Raghukul Plot No 221 Sector 4 Ghansoli Zone Rabale Navi Mumbai",
        "lat": 19.115869,
        "lng": 73.002501,
        "pincode": 400701,
      },
      "mId": 100001001778740,
      "minOrder": 0,
      "name": "Samarth Medical General Store",
      "nextDelivery": "08:30 AM-12:00 PM",
      "phoneNumber": "9987115068",
      "rating": Object {
        "amount": 0,
        "outOf": 5,
      },
    },
    Object {
      "categoryName": "Kirana / Provision store / Supermarket",
      "deliveryTime": Object {
        "from": "09:00 AM",
        "to": "11:30 PM",
      },
      "distance": Object {
        "amount": 9.252835748985314,
        "unit": "km",
      },
      "id": 7050926,
      "image": "https://jiomerchant.akamaized.net/static/category/defaultIcons/R.png",
      "isClosed": false,
      "location": Object {
        "address": "Shop No 9 Neel Kamal Chs Sector No 5 Ghansoli Ghansoli Zone Navi Mumbai  Rabale Navi Mumbai",
        "lat": 19.118361,
        "lng": 73.004274,
        "pincode": 400701,
      },
      "mId": 100001001817275,
      "minOrder": 0,
      "name": "Rishi Prasad Store",
      "nextDelivery": "09:00 AM-11:30 PM",
      "phoneNumber": "9768929192",
      "rating": Object {
        "amount": 0,
        "outOf": 5,
      },
    },
    Object {
      "categoryName": "Pharmacy / Chemist",
      "deliveryTime": Object {
        "from": "09:00 AM",
        "to": "12:00 PM",
      },
      "distance": Object {
        "amount": 9.345395237204688,
        "unit": "km",
      },
      "id": 1034889,
      "image": "https://jiomerchant.akamaized.net/static/category/defaultIcons/S.png",
      "isClosed": false,
      "location": Object {
        "address": "Shop No 14 Plot No 97 Sec 05 Ghansoli Rabale Navi Mumbai",
        "lat": 19.117976,
        "lng": 73.002745,
        "pincode": 400701,
      },
      "mId": 100001001748924,
      "minOrder": 0,
      "name": "Sangeeta Chemist And Druggist",
      "nextDelivery": "09:00 AM-12:00 PM",
      "phoneNumber": "9167191865",
      "rating": Object {
        "amount": 0,
        "outOf": 5,
      },
    },
    Object {
      "categoryName": "Kirana / Provision store / Supermarket",
      "deliveryTime": Object {
        "from": "",
        "to": undefined,
      },
      "distance": Object {
        "amount": 9.345400897213453,
        "unit": "km",
      },
      "id": 1082883,
      "image": "https://jiomerchant.akamaized.net/static/category/defaultIcons/T.png",
      "isClosed": true,
      "location": Object {
        "address": "Reliance Corporate Park, TC 22 Ghansoli,India Navi Mumbai",
        "lat": 19.12834,
        "lng": 73.014066,
        "pincode": 400701,
      },
      "mId": 100001001966616,
      "minOrder": 0,
      "name": "Test Store Kirana Rahul 50032594",
      "nextDelivery": "",
      "phoneNumber": "9899450401",
      "rating": Object {
        "amount": 0,
        "outOf": 5,
      },
    },
    Object {
      "categoryName": "Kirana / Provision store / Supermarket",
      "deliveryTime": Object {
        "from": "",
        "to": undefined,
      },
      "distance": Object {
        "amount": 9.346563145166723,
        "unit": "km",
      },
      "id": 4035490,
      "image": "https://jiomerchant.akamaized.net/static/category/defaultIcons/S.png",
      "isClosed": true,
      "location": Object {
        "address": "Shop No 10 Plot No 97 Ambe Bhakti Sector 5 Ghansoli Navi Mumbai Ghansoli Zone Navi Mumbai Rabale",
        "lat": 19.117968,
        "lng": 73.002723,
        "pincode": 400701,
      },
      "mId": 100001001749987,
      "minOrder": 0,
      "name": "Shree Bahucharaji Traders",
      "nextDelivery": "",
      "phoneNumber": "9769057080",
      "rating": Object {
        "amount": 0,
        "outOf": 5,
      },
    },
  ],
}
`;
